Microsoft Windows [Version 10.0.19045.4291]
(c) Microsoft Corporation. All rights reserved.

C:\Users\Asus>python --version
Python 3.9.6

C:\Users\Asus>pip --version
pip 21.1.3 from c:\users\asus\appdata\local\programs\python\python39\lib\site-packages\pip (python 3.9)

C:\Users\Asus>pip install django
Collecting django
  Downloading Django-4.2.11-py3-none-any.whl (8.0 MB)
     |████████████████████████████████| 8.0 MB 3.3 MB/s
Collecting tzdata
  Downloading tzdata-2024.1-py2.py3-none-any.whl (345 kB)
     |████████████████████████████████| 345 kB 6.4 MB/s
Collecting sqlparse>=0.3.1
  Downloading sqlparse-0.5.0-py3-none-any.whl (43 kB)
     |████████████████████████████████| 43 kB 3.2 MB/s
Collecting asgiref<4,>=3.6.0
  Downloading asgiref-3.8.1-py3-none-any.whl (23 kB)
Collecting typing-extensions>=4
  Downloading typing_extensions-4.11.0-py3-none-any.whl (34 kB)
Installing collected packages: typing-extensions, tzdata, sqlparse, asgiref, django
Successfully installed asgiref-3.8.1 django-4.2.11 sqlparse-0.5.0 typing-extensions-4.11.0 tzdata-2024.1
WARNING: You are using pip version 21.1.3; however, version 24.0 is available.
You should consider upgrading via the 'c:\users\asus\appdata\local\programs\python\python39\python.exe -m pip install --upgrade pip' command.

C:\Users\Asus>django-admin --version
4.2.11

C:\Users\Asus>django-admin

Type 'django-admin help <subcommand>' for help on a specific subcommand.

Available subcommands:

[django]
    check
    compilemessages
    createcachetable
    dbshell
    diffsettings
    dumpdata
    flush
    inspectdb
    loaddata
    makemessages
    makemigrations
    migrate
    optimizemigration
    runserver
    sendtestemail
    shell
    showmigrations
    sqlflush
    sqlmigrate
    sqlsequencereset
    squashmigrations
    startapp
    startproject
    test
    testserver
Note that only Django core commands are listed as settings are not properly configured (error: Requested setting INSTALLED_APPS, but settings are not configured. You must either define the environment variable DJANGO_SETTINGS_MODULE or call settings.configure() before accessing settings.).

C:\Users\Asus>